19:56:21.179 [debug] Child {LoggerFileBackend, :general_log} of Supervisor Logger.Backends.Supervisor started
Pid: #PID<0.113.0>
Start Call: Logger.Backends.Watcher.start_link({{LoggerFileBackend, :general_log}, {LoggerFileBackend, :general_log}})
Restart: :transient
Shutdown: 5000
Type: :worker
19:56:21.179 [info] Child Logger.Backends.Supervisor of Supervisor Logger.Backends.Internal started
Pid: #PID<0.112.0>
Start Call: Logger.Backends.Supervisor.start_link([{LoggerFileBackend, :general_log}])
Restart: :permanent
Shutdown: :infinity
Type: :supervisor
19:56:21.179 [info] Child Logger.Backends.Internal of Supervisor Logger.Supervisor started
Pid: #PID<0.108.0>
Start Call: Logger.Backends.Internal.start_link([])
Restart: :permanent
Shutdown: :infinity
Type: :supervisor
19:56:21.179 [info] Application logger started at :nonode@nohost
19:56:21.917 [error] FATAL: Lexical is not compatible with Elixir 1.18.2

Lexical is compatible with the following versions of Elixir:

  >= 1.13.0
  >= 1.14.0
  >= 1.15.3
  >= 1.16.0
  >= 1.17.0
  >= 1.17.0-rc

22:30:35.058 [debug] Child {LoggerFileBackend, :general_log} of Supervisor Logger.Backends.Supervisor started
Pid: #PID<0.113.0>
Start Call: Logger.Backends.Watcher.start_link({{LoggerFileBackend, :general_log}, {LoggerFileBackend, :general_log}})
Restart: :transient
Shutdown: 5000
Type: :worker
22:30:35.058 [info] Child Logger.Backends.Supervisor of Supervisor Logger.Backends.Internal started
Pid: #PID<0.112.0>
Start Call: Logger.Backends.Supervisor.start_link([{LoggerFileBackend, :general_log}])
Restart: :permanent
Shutdown: :infinity
Type: :supervisor
22:30:35.058 [info] Child Logger.Backends.Internal of Supervisor Logger.Supervisor started
Pid: #PID<0.108.0>
Start Call: Logger.Backends.Internal.start_link([])
Restart: :permanent
Shutdown: :infinity
Type: :supervisor
22:30:35.058 [info] Application logger started at :nonode@nohost
22:30:35.804 [error] FATAL: Lexical is not compatible with Elixir 1.18.2

Lexical is compatible with the following versions of Elixir:

  >= 1.13.0
  >= 1.14.0
  >= 1.15.3
  >= 1.16.0
  >= 1.17.0
  >= 1.17.0-rc

22:32:08.718 [debug] Child {LoggerFileBackend, :general_log} of Supervisor Logger.Backends.Supervisor started
Pid: #PID<0.113.0>
Start Call: Logger.Backends.Watcher.start_link({{LoggerFileBackend, :general_log}, {LoggerFileBackend, :general_log}})
Restart: :transient
Shutdown: 5000
Type: :worker
22:32:08.718 [info] Child Logger.Backends.Supervisor of Supervisor Logger.Backends.Internal started
Pid: #PID<0.112.0>
Start Call: Logger.Backends.Supervisor.start_link([{LoggerFileBackend, :general_log}])
Restart: :permanent
Shutdown: :infinity
Type: :supervisor
22:32:08.718 [info] Child Logger.Backends.Internal of Supervisor Logger.Supervisor started
Pid: #PID<0.108.0>
Start Call: Logger.Backends.Internal.start_link([])
Restart: :permanent
Shutdown: :infinity
Type: :supervisor
22:32:08.718 [info] Application logger started at :nonode@nohost
22:32:09.328 [error] FATAL: Lexical is not compatible with Elixir 1.18.2

Lexical is compatible with the following versions of Elixir:

  >= 1.13.0
  >= 1.14.0
  >= 1.15.3
  >= 1.16.0
  >= 1.17.0
  >= 1.17.0-rc

22:32:42.322 [debug] Child {LoggerFileBackend, :general_log} of Supervisor Logger.Backends.Supervisor started
Pid: #PID<0.113.0>
Start Call: Logger.Backends.Watcher.start_link({{LoggerFileBackend, :general_log}, {LoggerFileBackend, :general_log}})
Restart: :transient
Shutdown: 5000
Type: :worker
22:32:42.322 [info] Child Logger.Backends.Supervisor of Supervisor Logger.Backends.Internal started
Pid: #PID<0.112.0>
Start Call: Logger.Backends.Supervisor.start_link([{LoggerFileBackend, :general_log}])
Restart: :permanent
Shutdown: :infinity
Type: :supervisor
22:32:42.322 [info] Child Logger.Backends.Internal of Supervisor Logger.Supervisor started
Pid: #PID<0.108.0>
Start Call: Logger.Backends.Internal.start_link([])
Restart: :permanent
Shutdown: :infinity
Type: :supervisor
22:32:42.322 [info] Application logger started at :nonode@nohost
22:32:43.730 [error] FATAL: Lexical is not compatible with Elixir 1.18.2

Lexical is compatible with the following versions of Elixir:

  >= 1.13.0
  >= 1.14.0
  >= 1.15.3
  >= 1.16.0
  >= 1.17.0
  >= 1.17.0-rc

22:32:54.158 [debug] Child {LoggerFileBackend, :general_log} of Supervisor Logger.Backends.Supervisor started
Pid: #PID<0.113.0>
Start Call: Logger.Backends.Watcher.start_link({{LoggerFileBackend, :general_log}, {LoggerFileBackend, :general_log}})
Restart: :transient
Shutdown: 5000
Type: :worker
22:32:54.158 [info] Child Logger.Backends.Supervisor of Supervisor Logger.Backends.Internal started
Pid: #PID<0.112.0>
Start Call: Logger.Backends.Supervisor.start_link([{LoggerFileBackend, :general_log}])
Restart: :permanent
Shutdown: :infinity
Type: :supervisor
22:32:54.158 [info] Child Logger.Backends.Internal of Supervisor Logger.Supervisor started
Pid: #PID<0.108.0>
Start Call: Logger.Backends.Internal.start_link([])
Restart: :permanent
Shutdown: :infinity
Type: :supervisor
22:32:54.158 [info] Application logger started at :nonode@nohost
22:32:54.938 [error] FATAL: Lexical is not compatible with Elixir 1.18.2

Lexical is compatible with the following versions of Elixir:

  >= 1.13.0
  >= 1.14.0
  >= 1.15.3
  >= 1.16.0
  >= 1.17.0
  >= 1.17.0-rc

22:33:40.512 [debug] Child {LoggerFileBackend, :general_log} of Supervisor Logger.Backends.Supervisor started
Pid: #PID<0.113.0>
Start Call: Logger.Backends.Watcher.start_link({{LoggerFileBackend, :general_log}, {LoggerFileBackend, :general_log}})
Restart: :transient
Shutdown: 5000
Type: :worker
22:33:40.512 [info] Child Logger.Backends.Supervisor of Supervisor Logger.Backends.Internal started
Pid: #PID<0.112.0>
Start Call: Logger.Backends.Supervisor.start_link([{LoggerFileBackend, :general_log}])
Restart: :permanent
Shutdown: :infinity
Type: :supervisor
22:33:40.512 [info] Child Logger.Backends.Internal of Supervisor Logger.Supervisor started
Pid: #PID<0.108.0>
Start Call: Logger.Backends.Internal.start_link([])
Restart: :permanent
Shutdown: :infinity
Type: :supervisor
22:33:40.512 [info] Application logger started at :nonode@nohost
22:33:41.068 [error] FATAL: Lexical is not compatible with Elixir 1.18.2

Lexical is compatible with the following versions of Elixir:

  >= 1.13.0
  >= 1.14.0
  >= 1.15.3
  >= 1.16.0
  >= 1.17.0
  >= 1.17.0-rc

22:33:46.016 [debug] Child {LoggerFileBackend, :general_log} of Supervisor Logger.Backends.Supervisor started
Pid: #PID<0.113.0>
Start Call: Logger.Backends.Watcher.start_link({{LoggerFileBackend, :general_log}, {LoggerFileBackend, :general_log}})
Restart: :transient
Shutdown: 5000
Type: :worker
22:33:46.016 [info] Child Logger.Backends.Supervisor of Supervisor Logger.Backends.Internal started
Pid: #PID<0.112.0>
Start Call: Logger.Backends.Supervisor.start_link([{LoggerFileBackend, :general_log}])
Restart: :permanent
Shutdown: :infinity
Type: :supervisor
22:33:46.016 [info] Child Logger.Backends.Internal of Supervisor Logger.Supervisor started
Pid: #PID<0.108.0>
Start Call: Logger.Backends.Internal.start_link([])
Restart: :permanent
Shutdown: :infinity
Type: :supervisor
22:33:46.016 [info] Application logger started at :nonode@nohost
22:33:46.575 [error] FATAL: Lexical is not compatible with Elixir 1.18.2

Lexical is compatible with the following versions of Elixir:

  >= 1.13.0
  >= 1.14.0
  >= 1.15.3
  >= 1.16.0
  >= 1.17.0
  >= 1.17.0-rc

22:33:52.242 [debug] Child {LoggerFileBackend, :general_log} of Supervisor Logger.Backends.Supervisor started
Pid: #PID<0.113.0>
Start Call: Logger.Backends.Watcher.start_link({{LoggerFileBackend, :general_log}, {LoggerFileBackend, :general_log}})
Restart: :transient
Shutdown: 5000
Type: :worker
22:33:52.242 [info] Child Logger.Backends.Supervisor of Supervisor Logger.Backends.Internal started
Pid: #PID<0.112.0>
Start Call: Logger.Backends.Supervisor.start_link([{LoggerFileBackend, :general_log}])
Restart: :permanent
Shutdown: :infinity
Type: :supervisor
22:33:52.243 [info] Child Logger.Backends.Internal of Supervisor Logger.Supervisor started
Pid: #PID<0.108.0>
Start Call: Logger.Backends.Internal.start_link([])
Restart: :permanent
Shutdown: :infinity
Type: :supervisor
22:33:52.243 [info] Application logger started at :nonode@nohost
22:33:52.805 [error] FATAL: Lexical is not compatible with Elixir 1.18.2

Lexical is compatible with the following versions of Elixir:

  >= 1.13.0
  >= 1.14.0
  >= 1.15.3
  >= 1.16.0
  >= 1.17.0
  >= 1.17.0-rc

22:34:05.805 [debug] Child {LoggerFileBackend, :general_log} of Supervisor Logger.Backends.Supervisor started
Pid: #PID<0.113.0>
Start Call: Logger.Backends.Watcher.start_link({{LoggerFileBackend, :general_log}, {LoggerFileBackend, :general_log}})
Restart: :transient
Shutdown: 5000
Type: :worker
22:34:05.805 [info] Child Logger.Backends.Supervisor of Supervisor Logger.Backends.Internal started
Pid: #PID<0.112.0>
Start Call: Logger.Backends.Supervisor.start_link([{LoggerFileBackend, :general_log}])
Restart: :permanent
Shutdown: :infinity
Type: :supervisor
22:34:05.805 [info] Child Logger.Backends.Internal of Supervisor Logger.Supervisor started
Pid: #PID<0.108.0>
Start Call: Logger.Backends.Internal.start_link([])
Restart: :permanent
Shutdown: :infinity
Type: :supervisor
22:34:05.805 [info] Application logger started at :nonode@nohost
22:34:06.404 [error] FATAL: Lexical is not compatible with Elixir 1.18.2

Lexical is compatible with the following versions of Elixir:

  >= 1.13.0
  >= 1.14.0
  >= 1.15.3
  >= 1.16.0
  >= 1.17.0
  >= 1.17.0-rc

22:34:09.331 [debug] Child {LoggerFileBackend, :general_log} of Supervisor Logger.Backends.Supervisor started
Pid: #PID<0.113.0>
Start Call: Logger.Backends.Watcher.start_link({{LoggerFileBackend, :general_log}, {LoggerFileBackend, :general_log}})
Restart: :transient
Shutdown: 5000
Type: :worker
22:34:09.331 [info] Child Logger.Backends.Supervisor of Supervisor Logger.Backends.Internal started
Pid: #PID<0.112.0>
Start Call: Logger.Backends.Supervisor.start_link([{LoggerFileBackend, :general_log}])
Restart: :permanent
Shutdown: :infinity
Type: :supervisor
22:34:09.331 [info] Child Logger.Backends.Internal of Supervisor Logger.Supervisor started
Pid: #PID<0.108.0>
Start Call: Logger.Backends.Internal.start_link([])
Restart: :permanent
Shutdown: :infinity
Type: :supervisor
22:34:09.331 [info] Application logger started at :nonode@nohost
22:34:09.874 [error] FATAL: Lexical is not compatible with Elixir 1.18.2

Lexical is compatible with the following versions of Elixir:

  >= 1.13.0
  >= 1.14.0
  >= 1.15.3
  >= 1.16.0
  >= 1.17.0
  >= 1.17.0-rc

22:40:59.001 [debug] Child {LoggerFileBackend, :general_log} of Supervisor Logger.Backends.Supervisor started
Pid: #PID<0.113.0>
Start Call: Logger.Backends.Watcher.start_link({{LoggerFileBackend, :general_log}, {LoggerFileBackend, :general_log}})
Restart: :transient
Shutdown: 5000
Type: :worker
22:40:59.001 [info] Child Logger.Backends.Supervisor of Supervisor Logger.Backends.Internal started
Pid: #PID<0.112.0>
Start Call: Logger.Backends.Supervisor.start_link([{LoggerFileBackend, :general_log}])
Restart: :permanent
Shutdown: :infinity
Type: :supervisor
22:40:59.001 [info] Child Logger.Backends.Internal of Supervisor Logger.Supervisor started
Pid: #PID<0.108.0>
Start Call: Logger.Backends.Internal.start_link([])
Restart: :permanent
Shutdown: :infinity
Type: :supervisor
22:40:59.001 [info] Application logger started at :nonode@nohost
22:41:00.778 [error] FATAL: Lexical is not compatible with Elixir 1.18.2

Lexical is compatible with the following versions of Elixir:

  >= 1.13.0
  >= 1.14.0
  >= 1.15.3
  >= 1.16.0
  >= 1.17.0
  >= 1.17.0-rc

22:41:19.970 [debug] Child {LoggerFileBackend, :general_log} of Supervisor Logger.Backends.Supervisor started
Pid: #PID<0.113.0>
Start Call: Logger.Backends.Watcher.start_link({{LoggerFileBackend, :general_log}, {LoggerFileBackend, :general_log}})
Restart: :transient
Shutdown: 5000
Type: :worker
22:41:19.970 [info] Child Logger.Backends.Supervisor of Supervisor Logger.Backends.Internal started
Pid: #PID<0.112.0>
Start Call: Logger.Backends.Supervisor.start_link([{LoggerFileBackend, :general_log}])
Restart: :permanent
Shutdown: :infinity
Type: :supervisor
22:41:19.970 [info] Child Logger.Backends.Internal of Supervisor Logger.Supervisor started
Pid: #PID<0.108.0>
Start Call: Logger.Backends.Internal.start_link([])
Restart: :permanent
Shutdown: :infinity
Type: :supervisor
22:41:19.970 [info] Application logger started at :nonode@nohost
22:41:20.528 [error] FATAL: Lexical is not compatible with Elixir 1.18.2

Lexical is compatible with the following versions of Elixir:

  >= 1.13.0
  >= 1.14.0
  >= 1.15.3
  >= 1.16.0
  >= 1.17.0
  >= 1.17.0-rc

23:03:21.505 [debug] Child {LoggerFileBackend, :general_log} of Supervisor Logger.Backends.Supervisor started
Pid: #PID<0.113.0>
Start Call: Logger.Backends.Watcher.start_link({{LoggerFileBackend, :general_log}, {LoggerFileBackend, :general_log}})
Restart: :transient
Shutdown: 5000
Type: :worker
23:03:21.505 [info] Child Logger.Backends.Supervisor of Supervisor Logger.Backends.Internal started
Pid: #PID<0.112.0>
Start Call: Logger.Backends.Supervisor.start_link([{LoggerFileBackend, :general_log}])
Restart: :permanent
Shutdown: :infinity
Type: :supervisor
23:03:21.505 [info] Child Logger.Backends.Internal of Supervisor Logger.Supervisor started
Pid: #PID<0.108.0>
Start Call: Logger.Backends.Internal.start_link([])
Restart: :permanent
Shutdown: :infinity
Type: :supervisor
23:03:21.505 [info] Application logger started at :nonode@nohost
23:03:22.218 [error] FATAL: Lexical is not compatible with Elixir 1.18.2

Lexical is compatible with the following versions of Elixir:

  >= 1.13.0
  >= 1.14.0
  >= 1.15.3
  >= 1.16.0
  >= 1.17.0
  >= 1.17.0-rc

03:15:33.391 [debug] Child {LoggerFileBackend, :general_log} of Supervisor Logger.Backends.Supervisor started
Pid: #PID<0.113.0>
Start Call: Logger.Backends.Watcher.start_link({{LoggerFileBackend, :general_log}, {LoggerFileBackend, :general_log}})
Restart: :transient
Shutdown: 5000
Type: :worker
03:15:33.391 [info] Child Logger.Backends.Supervisor of Supervisor Logger.Backends.Internal started
Pid: #PID<0.112.0>
Start Call: Logger.Backends.Supervisor.start_link([{LoggerFileBackend, :general_log}])
Restart: :permanent
Shutdown: :infinity
Type: :supervisor
03:15:33.391 [info] Child Logger.Backends.Internal of Supervisor Logger.Supervisor started
Pid: #PID<0.108.0>
Start Call: Logger.Backends.Internal.start_link([])
Restart: :permanent
Shutdown: :infinity
Type: :supervisor
03:15:33.391 [info] Application logger started at :nonode@nohost
03:15:34.112 [error] FATAL: Lexical is not compatible with Elixir 1.18.2

Lexical is compatible with the following versions of Elixir:

  >= 1.13.0
  >= 1.14.0
  >= 1.15.3
  >= 1.16.0
  >= 1.17.0
  >= 1.17.0-rc

03:16:13.380 [debug] Child {LoggerFileBackend, :general_log} of Supervisor Logger.Backends.Supervisor started
Pid: #PID<0.113.0>
Start Call: Logger.Backends.Watcher.start_link({{LoggerFileBackend, :general_log}, {LoggerFileBackend, :general_log}})
Restart: :transient
Shutdown: 5000
Type: :worker
03:16:13.380 [info] Child Logger.Backends.Supervisor of Supervisor Logger.Backends.Internal started
Pid: #PID<0.112.0>
Start Call: Logger.Backends.Supervisor.start_link([{LoggerFileBackend, :general_log}])
Restart: :permanent
Shutdown: :infinity
Type: :supervisor
03:16:13.380 [info] Child Logger.Backends.Internal of Supervisor Logger.Supervisor started
Pid: #PID<0.108.0>
Start Call: Logger.Backends.Internal.start_link([])
Restart: :permanent
Shutdown: :infinity
Type: :supervisor
03:16:13.380 [info] Application logger started at :nonode@nohost
03:16:14.407 [error] FATAL: Lexical is not compatible with Elixir 1.18.2

Lexical is compatible with the following versions of Elixir:

  >= 1.13.0
  >= 1.14.0
  >= 1.15.3
  >= 1.16.0
  >= 1.17.0
  >= 1.17.0-rc

03:16:29.138 [debug] Child {LoggerFileBackend, :general_log} of Supervisor Logger.Backends.Supervisor started
Pid: #PID<0.113.0>
Start Call: Logger.Backends.Watcher.start_link({{LoggerFileBackend, :general_log}, {LoggerFileBackend, :general_log}})
Restart: :transient
Shutdown: 5000
Type: :worker
03:16:29.138 [info] Child Logger.Backends.Supervisor of Supervisor Logger.Backends.Internal started
Pid: #PID<0.112.0>
Start Call: Logger.Backends.Supervisor.start_link([{LoggerFileBackend, :general_log}])
Restart: :permanent
Shutdown: :infinity
Type: :supervisor
03:16:29.138 [info] Child Logger.Backends.Internal of Supervisor Logger.Supervisor started
Pid: #PID<0.108.0>
Start Call: Logger.Backends.Internal.start_link([])
Restart: :permanent
Shutdown: :infinity
Type: :supervisor
03:16:29.138 [info] Application logger started at :nonode@nohost
03:16:29.680 [error] FATAL: Lexical is not compatible with Elixir 1.18.2

Lexical is compatible with the following versions of Elixir:

  >= 1.13.0
  >= 1.14.0
  >= 1.15.3
  >= 1.16.0
  >= 1.17.0
  >= 1.17.0-rc

